SELECT  '.a.b.exists()'::fhirpath;
   fhirpath    
---------------
 .a.b.exists()
(1 row)

SELECT fhirpath_exists('{"a":{"b": {"c": 5.3}}}', '.a.b.exists()', 'decimal'); 
 fhirpath_exists 
-----------------
 t
(1 row)

SELECT fhirpath_exists('{"a":{"b": [{"c": 5.3}, {"d": 1}]}}', '.a.b.exists()', 'decimal'); 
 fhirpath_exists 
-----------------
 t
(1 row)

SELECT fhirpath_exists('{"a":{"b": [{"c": 5.3}, {"d": 1}]}}', '.a.b.c.exists()', 'decimal'); 
 fhirpath_exists 
-----------------
 t
(1 row)

SELECT fhirpath_exists('{"a":{"b": [{"c": 5.3}, {"d": 1}]}}', '.a.b.d.exists()', 'decimal'); 
 fhirpath_exists 
-----------------
 t
(1 row)

SELECT fhirpath_exists('{"a":{"b": [{"c": 5.3}, {"d": 1}]}}', '.a.b.f.exists()', 'decimal'); 
 fhirpath_exists 
-----------------
 f
(1 row)

SELECT fhirpath_exists('{"a":{"b": {"c": 5.3}}}', '.a.b.c.exists()', 'decimal'); 
 fhirpath_exists 
-----------------
 t
(1 row)

SELECT fhirpath_exists('{"a":{"b": {"c": 5.3}}}', '.a.b.e.exists()', 'decimal'); 
 fhirpath_exists 
-----------------
 f
(1 row)

SELECT fhirpath_exists('{"a":{"b": {"c": 5.3}}}', '.a.f.e.exists()', 'decimal'); 
 fhirpath_exists 
-----------------
 f
(1 row)

SELECT fhirpath_exists('{"a":{"b": {"c": 5.3}}}', '.a.b.c.d.exists()', 'decimal'); 
 fhirpath_exists 
-----------------
 f
(1 row)

SELECT fhirpath_exists('{"a":{"b": {"cDate": 5.3}}}', '.a.b.c.exists()', 'Polymorphic'); 
 fhirpath_exists 
-----------------
 t
(1 row)

SELECT fhirpath_exists('{"aDate":{"b": {"c": 5.3}}}', '.a.b.c.exists()', 'Polymorphic'); 
 fhirpath_exists 
-----------------
 f
(1 row)

SELECT fhirpath_exists('{"a":{"bDate": {"c": 5.3}}}', '.a.b.c.exists()', 'Polymorphic'); 
 fhirpath_exists 
-----------------
 f
(1 row)

