--db:test -e
--{{{

DROP EXTENSION IF EXISTS fhirpath;
NOTICE:  extension "fhirpath" does not exist, skipping
CREATE EXTENSION fhirpath;
SELECT fhirpath_extract('{"a":"1", "b":{"c":"2", "d": [1,2,{"x":100}], "e":{"f": 4}}}', 'b.e.f');
 fhirpath_extract 
------------------
 [4]
(1 row)

SELECT fhirpath_extract('{"b":{"c":"2"}}', 'b.c');
 fhirpath_extract 
------------------
 ["2"]
(1 row)

SELECT fhirpath_extract('{"b":[{"c":1},{"c":2},{"x":"ups"}]}', 'b.c');
 fhirpath_extract 
------------------
 [1, 2]
(1 row)

--}}}
